// Jest Snapshot v1, https://goo.gl/fbAQLP

exports[`should render Add Expense correctly 1`] = `
<div>
  <h1>
    Add ExpenseForm
  </h1>
  <ExpenseForm
    onSubmit={[Function]}
  />
</div>
`;
