// Jest Snapshot v1, https://goo.gl/fbAQLP

exports[`should set up Dashboard Page  1`] = `
<div>
  <Connect(ExpenseListFilters) />
  <Connect(ExpenseList) />
</div>
`;
