// Jest Snapshot v1, https://goo.gl/fbAQLP

exports[`should render  No found page  correctly  1`] = `
<div>
  404 !!
</div>
`;
